// Jest Snapshot v1, https://goo.gl/fbAQLP

exports[`default theme should render builtin components correctly 1`] = `
<div
  class="rc-tree __dumi-site-tree rc-tree-show-line"
>
  <div
    role="tree"
  >
    <input
      style="width: 0px; height: 0px; display: flex; overflow: hidden; opacity: 0; border: 0px; padding: 0px; margin: 0px;"
      tabindex="0"
      value=""
    />
  </div>
  <div
    aria-hidden="true"
    class="rc-tree-treenode"
    style="position: absolute; pointer-events: none; visibility: hidden; height: 0px; overflow: hidden;"
  >
    <div
      class="rc-tree-indent"
    >
      <div
        class="rc-tree-indent-unit"
      />
    </div>
  </div>
  <div
    class="rc-tree-list"
    style="position: relative;"
  >
    <div
      class="rc-tree-list-holder"
    >
      <div>
        <div
          class="rc-tree-list-holder-inner"
          style="display: flex; flex-direction: column;"
        >
          <div
            class="rc-tree-treenode rc-tree-treenode-switcher-open rc-tree-treenode-leaf-last"
          >
            <span
              aria-hidden="true"
              class="rc-tree-indent"
            />
            <span
              class="rc-tree-switcher rc-tree-switcher_open"
            >
              <span
                class="tree-switcher-line-icon"
              >
                <svg
                  class="__dumi-site-tree-icon"
                  fill="currentcolor"
                  viewBox="0 0 1024 1024"
                  xmlns="http://www.w3.org/2000/svg"
                >
                  <path
                    d="M328 544h368c4.4 0 8-3.6 8-8v-48c0-4.4-3.6-8-8-8H328c-4.4 0-8 3.6-8 8v48c0 4.4 3.6 8 8 8z"
                  />
                  <path
                    d="M880 112H144c-17.7 0-32 14.3-32 32v736c0 17.7 14.3 32 32 32h736c17.7 0 32-14.3 32-32V144c0-17.7-14.3-32-32-32zm-40 728H184V184h656v656z"
                  />
                </svg>
              </span>
            </span>
            <span
              class="rc-tree-node-content-wrapper rc-tree-node-content-wrapper-open"
              title="<root>"
            >
              <span
                class="rc-tree-iconEle rc-tree-icon__customize"
              >
                <svg
                  class="__dumi-site-tree-icon"
                  fill="currentcolor"
                  viewBox="0 0 1024 1024"
                  xmlns="http://www.w3.org/2000/svg"
                >
                  <path
                    d="M928 444H820V330.4c0-17.7-14.3-32-32-32H473L355.7 186.2a8.15 8.15 0 0 0-5.5-2.2H96c-17.7 0-32 14.3-32 32v592c0 17.7 14.3 32 32 32h698c13 0 24.8-7.9 29.7-20l134-332c1.5-3.8 2.3-7.9 2.3-12 0-17.7-14.3-32-32-32zM136 256h188.5l119.6 114.4H748V444H238c-13 0-24.8 7.9-29.7 20L136 643.2V256zm635.3 512H159l103.3-256h612.4L771.3 768z"
                  />
                </svg>
              </span>
              <span
                class="rc-tree-title"
              >
                &lt;root&gt;
              </span>
            </span>
          </div>
          <div
            class="rc-tree-treenode rc-tree-treenode-switcher-open"
          >
            <span
              aria-hidden="true"
              class="rc-tree-indent"
            >
              <span
                class="rc-tree-indent-unit rc-tree-indent-unit-start rc-tree-indent-unit-end"
              />
            </span>
            <span
              class="rc-tree-switcher rc-tree-switcher_open"
            >
              <span
                class="tree-switcher-line-icon"
              >
                <svg
                  class="__dumi-site-tree-icon"
                  fill="currentcolor"
                  viewBox="0 0 1024 1024"
                  xmlns="http://www.w3.org/2000/svg"
                >
                  <path
                    d="M328 544h368c4.4 0 8-3.6 8-8v-48c0-4.4-3.6-8-8-8H328c-4.4 0-8 3.6-8 8v48c0 4.4 3.6 8 8 8z"
                  />
                  <path
                    d="M880 112H144c-17.7 0-32 14.3-32 32v736c0 17.7 14.3 32 32 32h736c17.7 0 32-14.3 32-32V144c0-17.7-14.3-32-32-32zm-40 728H184V184h656v656z"
                  />
                </svg>
              </span>
            </span>
            <span
              class="rc-tree-node-content-wrapper rc-tree-node-content-wrapper-open"
              title=""
            >
              <span
                class="rc-tree-iconEle rc-tree-icon__customize"
              >
                <svg
                  class="__dumi-site-tree-icon"
                  fill="currentcolor"
                  viewBox="0 0 1024 1024"
                  xmlns="http://www.w3.org/2000/svg"
                >
                  <path
                    d="M928 444H820V330.4c0-17.7-14.3-32-32-32H473L355.7 186.2a8.15 8.15 0 0 0-5.5-2.2H96c-17.7 0-32 14.3-32 32v592c0 17.7 14.3 32 32 32h698c13 0 24.8-7.9 29.7-20l134-332c1.5-3.8 2.3-7.9 2.3-12 0-17.7-14.3-32-32-32zM136 256h188.5l119.6 114.4H748V444H238c-13 0-24.8 7.9-29.7 20L136 643.2V256zm635.3 512H159l103.3-256h612.4L771.3 768z"
                  />
                </svg>
              </span>
              <span
                class="rc-tree-title"
              >
                docs
                <small>
                  Component library document directory
                </small>
              </span>
            </span>
          </div>
          <div
            class="rc-tree-treenode"
          >
            <span
              aria-hidden="true"
              class="rc-tree-indent"
            >
              <span
                class="rc-tree-indent-unit rc-tree-indent-unit-start rc-tree-indent-unit-end"
              />
              <span
                class="rc-tree-indent-unit rc-tree-indent-unit-start"
              />
            </span>
            <span
              class="rc-tree-switcher rc-tree-switcher-noop"
            >
              <span
                class="tree-switcher-leaf-line"
              />
            </span>
            <span
              class="rc-tree-node-content-wrapper rc-tree-node-content-wrapper-normal"
              title=""
            >
              <span
                class="rc-tree-iconEle rc-tree-icon__customize"
              >
                <svg
                  class="__dumi-site-tree-icon"
                  fill="currentcolor"
                  viewBox="0 0 1024 1024"
                  xmlns="http://www.w3.org/2000/svg"
                >
                  <path
                    d="M854.6 288.6L639.4 73.4c-6-6-14.1-9.4-22.6-9.4H192c-17.7 0-32 14.3-32 32v832c0 17.7 14.3 32 32 32h640c17.7 0 32-14.3 32-32V311.3c0-8.5-3.4-16.7-9.4-22.7zM790.2 326H602V137.8L790.2 326zm1.8 562H232V136h302v216a42 42 0 0 0 42 42h216v494z"
                  />
                </svg>
              </span>
              <span
                class="rc-tree-title"
              >
                index.md
                <small>
                  Documentation Home (If it does not exist, it will fallback to README.md)
                </small>
              </span>
            </span>
          </div>
          <div
            class="rc-tree-treenode rc-tree-treenode-switcher-open rc-tree-treenode-leaf-last"
          >
            <span
              aria-hidden="true"
              class="rc-tree-indent"
            >
              <span
                class="rc-tree-indent-unit rc-tree-indent-unit-start rc-tree-indent-unit-end"
              />
              <span
                class="rc-tree-indent-unit rc-tree-indent-unit-start"
              />
            </span>
            <span
              class="rc-tree-switcher rc-tree-switcher_open"
            >
              <span
                class="tree-switcher-line-icon"
              >
                <svg
                  class="__dumi-site-tree-icon"
                  fill="currentcolor"
                  viewBox="0 0 1024 1024"
                  xmlns="http://www.w3.org/2000/svg"
                >
                  <path
                    d="M328 544h368c4.4 0 8-3.6 8-8v-48c0-4.4-3.6-8-8-8H328c-4.4 0-8 3.6-8 8v48c0 4.4 3.6 8 8 8z"
                  />
                  <path
                    d="M880 112H144c-17.7 0-32 14.3-32 32v736c0 17.7 14.3 32 32 32h736c17.7 0 32-14.3 32-32V144c0-17.7-14.3-32-32-32zm-40 728H184V184h656v656z"
                  />
                </svg>
              </span>
            </span>
            <span
              class="rc-tree-node-content-wrapper rc-tree-node-content-wrapper-open"
              title=""
            >
              <span
                class="rc-tree-iconEle rc-tree-icon__customize"
              >
                <svg
                  class="__dumi-site-tree-icon"
                  fill="currentcolor"
                  viewBox="0 0 1024 1024"
                  xmlns="http://www.w3.org/2000/svg"
                >
                  <path
                    d="M928 444H820V330.4c0-17.7-14.3-32-32-32H473L355.7 186.2a8.15 8.15 0 0 0-5.5-2.2H96c-17.7 0-32 14.3-32 32v592c0 17.7 14.3 32 32 32h698c13 0 24.8-7.9 29.7-20l134-332c1.5-3.8 2.3-7.9 2.3-12 0-17.7-14.3-32-32-32zM136 256h188.5l119.6 114.4H748V444H238c-13 0-24.8 7.9-29.7 20L136 643.2V256zm635.3 512H159l103.3-256h612.4L771.3 768z"
                  />
                </svg>
              </span>
              <span
                class="rc-tree-title"
              >
                guide
                <small>
                  Component library document other routing (Signal)
                </small>
              </span>
            </span>
          </div>
          <div
            class="rc-tree-treenode"
          >
            <span
              aria-hidden="true"
              class="rc-tree-indent"
            >
              <span
                class="rc-tree-indent-unit rc-tree-indent-unit-start rc-tree-indent-unit-end"
              />
              <span
                class="rc-tree-indent-unit rc-tree-indent-unit-start"
              />
              <span
                class="rc-tree-indent-unit rc-tree-indent-unit-end"
              />
            </span>
            <span
              class="rc-tree-switcher rc-tree-switcher-noop"
            >
              <span
                class="tree-switcher-leaf-line"
              />
            </span>
            <span
              class="rc-tree-node-content-wrapper rc-tree-node-content-wrapper-normal"
              title=""
            >
              <span
                class="rc-tree-iconEle rc-tree-icon__customize"
              >
                <svg
                  class="__dumi-site-tree-icon"
                  fill="currentcolor"
                  viewBox="0 0 1024 1024"
                  xmlns="http://www.w3.org/2000/svg"
                >
                  <path
                    d="M854.6 288.6L639.4 73.4c-6-6-14.1-9.4-22.6-9.4H192c-17.7 0-32 14.3-32 32v832c0 17.7 14.3 32 32 32h640c17.7 0 32-14.3 32-32V311.3c0-8.5-3.4-16.7-9.4-22.7zM790.2 326H602V137.8L790.2 326zm1.8 562H232V136h302v216a42 42 0 0 0 42 42h216v494z"
                  />
                </svg>
              </span>
              <span
                class="rc-tree-title"
              >
                index.md
              </span>
            </span>
          </div>
          <div
            class="rc-tree-treenode"
          >
            <span
              aria-hidden="true"
              class="rc-tree-indent"
            >
              <span
                class="rc-tree-indent-unit rc-tree-indent-unit-start rc-tree-indent-unit-end"
              />
              <span
                class="rc-tree-indent-unit rc-tree-indent-unit-start"
              />
              <span
                class="rc-tree-indent-unit rc-tree-indent-unit-end"
              />
            </span>
            <span
              class="rc-tree-switcher rc-tree-switcher-noop"
            >
              <span
                class="tree-switcher-leaf-line"
              />
            </span>
            <span
              class="rc-tree-node-content-wrapper rc-tree-node-content-wrapper-normal"
              title=""
            >
              <span
                class="rc-tree-iconEle rc-tree-icon__customize"
              >
                <svg
                  class="__dumi-site-tree-icon"
                  fill="currentcolor"
                  viewBox="0 0 1024 1024"
                  xmlns="http://www.w3.org/2000/svg"
                >
                  <path
                    d="M854.6 288.6L639.4 73.4c-6-6-14.1-9.4-22.6-9.4H192c-17.7 0-32 14.3-32 32v832c0 17.7 14.3 32 32 32h640c17.7 0 32-14.3 32-32V311.3c0-8.5-3.4-16.7-9.4-22.7zM790.2 326H602V137.8L790.2 326zm1.8 562H232V136h302v216a42 42 0 0 0 42 42h216v494z"
                  />
                </svg>
              </span>
              <span
                class="rc-tree-title"
              >
                sample.md
              </span>
            </span>
          </div>
          <div
            class="rc-tree-treenode rc-tree-treenode-leaf-last"
          >
            <span
              aria-hidden="true"
              class="rc-tree-indent"
            >
              <span
                class="rc-tree-indent-unit rc-tree-indent-unit-start rc-tree-indent-unit-end"
              />
              <span
                class="rc-tree-indent-unit rc-tree-indent-unit-start"
              />
              <span
                class="rc-tree-indent-unit rc-tree-indent-unit-end"
              />
            </span>
            <span
              class="rc-tree-switcher rc-tree-switcher-noop"
            >
              <span
                class="tree-switcher-leaf-line"
              />
            </span>
            <span
              class="rc-tree-node-content-wrapper rc-tree-node-content-wrapper-normal"
              title=""
            >
              <span
                class="rc-tree-iconEle rc-tree-icon__customize"
              >
                <svg
                  class="__dumi-site-tree-icon"
                  fill="currentcolor"
                  viewBox="0 0 1024 1024"
                  xmlns="http://www.w3.org/2000/svg"
                >
                  <path
                    d="M854.6 288.6L639.4 73.4c-6-6-14.1-9.4-22.6-9.4H192c-17.7 0-32 14.3-32 32v832c0 17.7 14.3 32 32 32h640c17.7 0 32-14.3 32-32V311.3c0-8.5-3.4-16.7-9.4-22.7zM790.2 326H602V137.8L790.2 326zm1.8 562H232V136h302v216a42 42 0 0 0 42 42h216v494z"
                  />
                </svg>
              </span>
              <span
                class="rc-tree-title"
              >
                help.md
              </span>
            </span>
          </div>
          <div
            class="rc-tree-treenode rc-tree-treenode-switcher-open"
          >
            <span
              aria-hidden="true"
              class="rc-tree-indent"
            >
              <span
                class="rc-tree-indent-unit rc-tree-indent-unit-start rc-tree-indent-unit-end"
              />
            </span>
            <span
              class="rc-tree-switcher rc-tree-switcher_open"
            >
              <span
                class="tree-switcher-line-icon"
              >
                <svg
                  class="__dumi-site-tree-icon"
                  fill="currentcolor"
                  viewBox="0 0 1024 1024"
                  xmlns="http://www.w3.org/2000/svg"
                >
                  <path
                    d="M328 544h368c4.4 0 8-3.6 8-8v-48c0-4.4-3.6-8-8-8H328c-4.4 0-8 3.6-8 8v48c0 4.4 3.6 8 8 8z"
                  />
                  <path
                    d="M880 112H144c-17.7 0-32 14.3-32 32v736c0 17.7 14.3 32 32 32h736c17.7 0 32-14.3 32-32V144c0-17.7-14.3-32-32-32zm-40 728H184V184h656v656z"
                  />
                </svg>
              </span>
            </span>
            <span
              class="rc-tree-node-content-wrapper rc-tree-node-content-wrapper-open"
              title=""
            >
              <span
                class="rc-tree-iconEle rc-tree-icon__customize"
              >
                <svg
                  class="__dumi-site-tree-icon"
                  fill="currentcolor"
                  viewBox="0 0 1024 1024"
                  xmlns="http://www.w3.org/2000/svg"
                >
                  <path
                    d="M928 444H820V330.4c0-17.7-14.3-32-32-32H473L355.7 186.2a8.15 8.15 0 0 0-5.5-2.2H96c-17.7 0-32 14.3-32 32v592c0 17.7 14.3 32 32 32h698c13 0 24.8-7.9 29.7-20l134-332c1.5-3.8 2.3-7.9 2.3-12 0-17.7-14.3-32-32-32zM136 256h188.5l119.6 114.4H748V444H238c-13 0-24.8 7.9-29.7 20L136 643.2V256zm635.3 512H159l103.3-256h612.4L771.3 768z"
                  />
                </svg>
              </span>
              <span
                class="rc-tree-title"
              >
                src
                <small>
                  Source code directory
                </small>
              </span>
            </span>
          </div>
          <div
            class="rc-tree-treenode rc-tree-treenode-switcher-open"
          >
            <span
              aria-hidden="true"
              class="rc-tree-indent"
            >
              <span
                class="rc-tree-indent-unit rc-tree-indent-unit-start rc-tree-indent-unit-end"
              />
              <span
                class="rc-tree-indent-unit"
              />
            </span>
            <span
              class="rc-tree-switcher rc-tree-switcher_open"
            >
              <span
                class="tree-switcher-line-icon"
              >
                <svg
                  class="__dumi-site-tree-icon"
                  fill="currentcolor"
                  viewBox="0 0 1024 1024"
                  xmlns="http://www.w3.org/2000/svg"
                >
                  <path
                    d="M328 544h368c4.4 0 8-3.6 8-8v-48c0-4.4-3.6-8-8-8H328c-4.4 0-8 3.6-8 8v48c0 4.4 3.6 8 8 8z"
                  />
                  <path
                    d="M880 112H144c-17.7 0-32 14.3-32 32v736c0 17.7 14.3 32 32 32h736c17.7 0 32-14.3 32-32V144c0-17.7-14.3-32-32-32zm-40 728H184V184h656v656z"
                  />
                </svg>
              </span>
            </span>
            <span
              class="rc-tree-node-content-wrapper rc-tree-node-content-wrapper-open"
              title=""
            >
              <span
                class="rc-tree-iconEle rc-tree-icon__customize"
              >
                <svg
                  class="__dumi-site-tree-icon"
                  fill="currentcolor"
                  viewBox="0 0 1024 1024"
                  xmlns="http://www.w3.org/2000/svg"
                >
                  <path
                    d="M928 444H820V330.4c0-17.7-14.3-32-32-32H473L355.7 186.2a8.15 8.15 0 0 0-5.5-2.2H96c-17.7 0-32 14.3-32 32v592c0 17.7 14.3 32 32 32h698c13 0 24.8-7.9 29.7-20l134-332c1.5-3.8 2.3-7.9 2.3-12 0-17.7-14.3-32-32-32zM136 256h188.5l119.6 114.4H748V444H238c-13 0-24.8 7.9-29.7 20L136 643.2V256zm635.3 512H159l103.3-256h612.4L771.3 768z"
                  />
                </svg>
              </span>
              <span
                class="rc-tree-title"
              >
                Button
                <small>
                  Single component
                </small>
              </span>
            </span>
          </div>
          <div
            class="rc-tree-treenode"
          >
            <span
              aria-hidden="true"
              class="rc-tree-indent"
            >
              <span
                class="rc-tree-indent-unit rc-tree-indent-unit-start rc-tree-indent-unit-end"
              />
              <span
                class="rc-tree-indent-unit"
              />
              <span
                class="rc-tree-indent-unit rc-tree-indent-unit-start"
              />
            </span>
            <span
              class="rc-tree-switcher rc-tree-switcher-noop"
            >
              <span
                class="tree-switcher-leaf-line"
              />
            </span>
            <span
              class="rc-tree-node-content-wrapper rc-tree-node-content-wrapper-normal"
              title=""
            >
              <span
                class="rc-tree-iconEle rc-tree-icon__customize"
              >
                <svg
                  class="__dumi-site-tree-icon"
                  fill="currentcolor"
                  viewBox="0 0 1024 1024"
                  xmlns="http://www.w3.org/2000/svg"
                >
                  <path
                    d="M854.6 288.6L639.4 73.4c-6-6-14.1-9.4-22.6-9.4H192c-17.7 0-32 14.3-32 32v832c0 17.7 14.3 32 32 32h640c17.7 0 32-14.3 32-32V311.3c0-8.5-3.4-16.7-9.4-22.7zM790.2 326H602V137.8L790.2 326zm1.8 562H232V136h302v216a42 42 0 0 0 42 42h216v494z"
                  />
                </svg>
              </span>
              <span
                class="rc-tree-title"
              >
                index.tsx
                <small>
                  Single component
                </small>
              </span>
            </span>
          </div>
          <div
            class="rc-tree-treenode"
          >
            <span
              aria-hidden="true"
              class="rc-tree-indent"
            >
              <span
                class="rc-tree-indent-unit rc-tree-indent-unit-start rc-tree-indent-unit-end"
              />
              <span
                class="rc-tree-indent-unit"
              />
              <span
                class="rc-tree-indent-unit rc-tree-indent-unit-start"
              />
            </span>
            <span
              class="rc-tree-switcher rc-tree-switcher-noop"
            >
              <span
                class="tree-switcher-leaf-line"
              />
            </span>
            <span
              class="rc-tree-node-content-wrapper rc-tree-node-content-wrapper-normal"
              title=""
            >
              <span
                class="rc-tree-iconEle rc-tree-icon__customize"
              >
                <svg
                  class="__dumi-site-tree-icon"
                  fill="currentcolor"
                  viewBox="0 0 1024 1024"
                  xmlns="http://www.w3.org/2000/svg"
                >
                  <path
                    d="M854.6 288.6L639.4 73.4c-6-6-14.1-9.4-22.6-9.4H192c-17.7 0-32 14.3-32 32v832c0 17.7 14.3 32 32 32h640c17.7 0 32-14.3 32-32V311.3c0-8.5-3.4-16.7-9.4-22.7zM790.2 326H602V137.8L790.2 326zm1.8 562H232V136h302v216a42 42 0 0 0 42 42h216v494z"
                  />
                </svg>
              </span>
              <span
                class="rc-tree-title"
              >
                index.less
                <small>
                  Component style
                </small>
              </span>
            </span>
          </div>
          <div
            class="rc-tree-treenode rc-tree-treenode-leaf-last"
          >
            <span
              aria-hidden="true"
              class="rc-tree-indent"
            >
              <span
                class="rc-tree-indent-unit rc-tree-indent-unit-start rc-tree-indent-unit-end"
              />
              <span
                class="rc-tree-indent-unit"
              />
              <span
                class="rc-tree-indent-unit rc-tree-indent-unit-start"
              />
            </span>
            <span
              class="rc-tree-switcher rc-tree-switcher-noop"
            >
              <span
                class="tree-switcher-leaf-line"
              />
            </span>
            <span
              class="rc-tree-node-content-wrapper rc-tree-node-content-wrapper-normal"
              title=""
            >
              <span
                class="rc-tree-iconEle rc-tree-icon__customize"
              >
                <svg
                  class="__dumi-site-tree-icon"
                  fill="currentcolor"
                  viewBox="0 0 1024 1024"
                  xmlns="http://www.w3.org/2000/svg"
                >
                  <path
                    d="M854.6 288.6L639.4 73.4c-6-6-14.1-9.4-22.6-9.4H192c-17.7 0-32 14.3-32 32v832c0 17.7 14.3 32 32 32h640c17.7 0 32-14.3 32-32V311.3c0-8.5-3.4-16.7-9.4-22.7zM790.2 326H602V137.8L790.2 326zm1.8 562H232V136h302v216a42 42 0 0 0 42 42h216v494z"
                  />
                </svg>
              </span>
              <span
                class="rc-tree-title"
              >
                index.md
                <small>
                  Component documentation
                </small>
              </span>
            </span>
          </div>
          <div
            class="rc-tree-treenode rc-tree-treenode-leaf-last"
          >
            <span
              aria-hidden="true"
              class="rc-tree-indent"
            >
              <span
                class="rc-tree-indent-unit rc-tree-indent-unit-start rc-tree-indent-unit-end"
              />
              <span
                class="rc-tree-indent-unit"
              />
            </span>
            <span
              class="rc-tree-switcher rc-tree-switcher-noop"
            >
              <span
                class="tree-switcher-leaf-line"
              />
            </span>
            <span
              class="rc-tree-node-content-wrapper rc-tree-node-content-wrapper-normal"
              title=""
            >
              <span
                class="rc-tree-iconEle rc-tree-icon__customize"
              >
                <svg
                  class="__dumi-site-tree-icon"
                  fill="currentcolor"
                  viewBox="0 0 1024 1024"
                  xmlns="http://www.w3.org/2000/svg"
                >
                  <path
                    d="M854.6 288.6L639.4 73.4c-6-6-14.1-9.4-22.6-9.4H192c-17.7 0-32 14.3-32 32v832c0 17.7 14.3 32 32 32h640c17.7 0 32-14.3 32-32V311.3c0-8.5-3.4-16.7-9.4-22.7zM790.2 326H602V137.8L790.2 326zm1.8 562H232V136h302v216a42 42 0 0 0 42 42h216v494z"
                  />
                </svg>
              </span>
              <span
                class="rc-tree-title"
              >
                index.ts
                <small>
                  Component library entry file
                </small>
              </span>
            </span>
          </div>
          <div
            class="rc-tree-treenode"
          >
            <span
              aria-hidden="true"
              class="rc-tree-indent"
            >
              <span
                class="rc-tree-indent-unit rc-tree-indent-unit-start rc-tree-indent-unit-end"
              />
            </span>
            <span
              class="rc-tree-switcher rc-tree-switcher-noop"
            >
              <span
                class="tree-switcher-leaf-line"
              />
            </span>
            <span
              class="rc-tree-node-content-wrapper rc-tree-node-content-wrapper-normal"
              title=""
            >
              <span
                class="rc-tree-iconEle rc-tree-icon__customize"
              >
                <svg
                  class="__dumi-site-tree-icon"
                  fill="currentcolor"
                  viewBox="0 0 1024 1024"
                  xmlns="http://www.w3.org/2000/svg"
                >
                  <path
                    d="M854.6 288.6L639.4 73.4c-6-6-14.1-9.4-22.6-9.4H192c-17.7 0-32 14.3-32 32v832c0 17.7 14.3 32 32 32h640c17.7 0 32-14.3 32-32V311.3c0-8.5-3.4-16.7-9.4-22.7zM790.2 326H602V137.8L790.2 326zm1.8 562H232V136h302v216a42 42 0 0 0 42 42h216v494z"
                  />
                </svg>
              </span>
              <span
                class="rc-tree-title"
              >
                .umirc.ts
                <small>
                  dumi configuration file (Can also be config/config.ts)
                </small>
              </span>
            </span>
          </div>
          <div
            class="rc-tree-treenode rc-tree-treenode-leaf-last"
          >
            <span
              aria-hidden="true"
              class="rc-tree-indent"
            >
              <span
                class="rc-tree-indent-unit rc-tree-indent-unit-start rc-tree-indent-unit-end"
              />
            </span>
            <span
              class="rc-tree-switcher rc-tree-switcher-noop"
            >
              <span
                class="tree-switcher-leaf-line"
              />
            </span>
            <span
              class="rc-tree-node-content-wrapper rc-tree-node-content-wrapper-normal"
              title=""
            >
              <span
                class="rc-tree-iconEle rc-tree-icon__customize"
              >
                <svg
                  class="__dumi-site-tree-icon"
                  fill="currentcolor"
                  viewBox="0 0 1024 1024"
                  xmlns="http://www.w3.org/2000/svg"
                >
                  <path
                    d="M854.6 288.6L639.4 73.4c-6-6-14.1-9.4-22.6-9.4H192c-17.7 0-32 14.3-32 32v832c0 17.7 14.3 32 32 32h640c17.7 0 32-14.3 32-32V311.3c0-8.5-3.4-16.7-9.4-22.7zM790.2 326H602V137.8L790.2 326zm1.8 562H232V136h302v216a42 42 0 0 0 42 42h216v494z"
                  />
                </svg>
              </span>
              <span
                class="rc-tree-title"
              >
                .fatherrc.ts
                <small>
                  father-build configuration file, used for component library packaging
                </small>
              </span>
            </span>
          </div>
        </div>
      </div>
    </div>
  </div>
</div>
`;
